
> school@0.0.1 build
> astro build

[2m14:48:43[22m [34m[@astrojs/cloudflare][39m Enabling sessions with Cloudflare KV with the "SESSION" KV binding.
[2m14:48:43[22m [34m[@astrojs/cloudflare][39m If you see the error "Invalid binding `SESSION`" in your build output, you need to add the binding to your wrangler config file.
[2m14:48:43[22m [34m[content][39m Syncing content
[2m14:48:43[22m [34m[content][39m Synced content
[2m14:48:43[22m [34m[types][39m Generated [2m65ms[22m
[2m14:48:43[22m [34m[build][39m output: [34m"server"[39m
[2m14:48:43[22m [34m[build][39m mode: [34m"server"[39m
[2m14:48:43[22m [34m[build][39m directory: [34mC:\Users\jason\Documents\Development\astro\school\dist\[39m
[2m14:48:43[22m [34m[build][39m adapter: [32m@astrojs/cloudflare[39m
[2m14:48:43[22m [34m[build][39m Collecting build info...
[2m14:48:43[22m [34m[build][39m [32mΓ£ô Completed in 95ms.[39m
[2m14:48:43[22m [34m[build][39m Building server entrypoints...
node.exe : [31m[1m14:48:45[22m [ERROR] [vite][39m [31mΓ£ù[39m 
Build failed in 1.70s
At C:\nvm4w\nodejs\npm.ps1:16 char:5
+     & "$basedir/node$exe"  
"$basedir/node_modules/npm/bin/npm-cli.js" ...
+     
~~~~~~~~~~~~~~~~~~~~~~~~~~~~~~~~~~~~~~~~~~~~~~~~~~~~~~~~~~~~~~~~~
    + CategoryInfo          : NotSpecified: ([31m[1m14:48:...fail 
   ed in 1.70s:String) [], RemoteException
    + FullyQualifiedErrorId : NativeCommandError
 
[@tailwindcss/vite:generate:build] Cannot apply unknown utility 
class `border-gray`
file: C:/Users/jason/Documents/Development/astro/school/src/styles/c
omponents/contactForm.css
  [1mStack trace:[22m
[2m    at onInvalidCandidate (file:///C:/Users/jason/Documents/Deve
lopment/astro/school/node_modules/tailwindcss/dist/chunk-CT46QCH7.mj
s:21:1511)
    at file:///C:/Users/jason/Documents/Development/astro/school/nod
e_modules/tailwindcss/dist/chunk-CT46QCH7.mjs:21:355
    at I (file:///C:/Users/jason/Documents/Development/astro/school/
node_modules/tailwindcss/dist/chunk-CT46QCH7.mjs:3:1377)
    at Wi (file:///C:/Users/jason/Documents/Development/astro/school
/node_modules/tailwindcss/dist/chunk-CT46QCH7.mjs:38:294)
    at async rf (file:///C:/Users/jason/Documents/Development/astro/
school/node_modules/tailwindcss/dist/chunk-CT46QCH7.mjs:38:1406)[22
m
